// Jest Snapshot v1, https://goo.gl/fbAQLP

exports[`Side Bar renders 1`] = `
<div
  className="MuiDrawer-root MuiDrawer-docked makeStyles-drawer-3 makeStyles-drawer-9 makeStyles-drawerClose-5"
  id="drawer-closed"
>
  <div
    className="MuiPaper-root MuiDrawer-paper makeStyles-drawerClose-5 MuiDrawer-paperAnchorRight MuiDrawer-paperAnchorDockedRight MuiPaper-elevation0"
  >
    <button
      aria-label="open drawer"
      className="MuiButtonBase-root MuiIconButton-root makeStyles-infoButton-1 MuiIconButton-colorInherit MuiIconButton-edgeStart"
      disabled={false}
      id="info-button"
      onBlur={[Function]}
      onClick={[Function]}
      onDragLeave={[Function]}
      onFocus={[Function]}
      onKeyDown={[Function]}
      onKeyUp={[Function]}
      onMouseDown={[Function]}
      onMouseLeave={[Function]}
      onMouseUp={[Function]}
      onTouchEnd={[Function]}
      onTouchMove={[Function]}
      onTouchStart={[Function]}
      tabIndex={0}
      type="button"
    >
      <span
        className="MuiIconButton-label"
      >
        <svg
          aria-hidden={true}
          className="MuiSvgIcon-root"
          data-testid="infoIcon"
          focusable="false"
          viewBox="0 0 24 24"
        >
          <path
            d="M12 2C6.48 2 2 6.48 2 12s4.48 10 10 10 10-4.48 10-10S17.52 2 12 2zm1 15h-2v-6h2v6zm0-8h-2V7h2v2z"
          />
        </svg>
      </span>
    </button>
    <div
      className="makeStyles-toolbar-6 makeStyles-hide-7"
    >
      <div
        className="makeStyles-closeButtonContainer-2"
        id="close-button-container"
      >
        <button
          className="MuiButtonBase-root MuiIconButton-root"
          disabled={false}
          onBlur={[Function]}
          onClick={[Function]}
          onDragLeave={[Function]}
          onFocus={[Function]}
          onKeyDown={[Function]}
          onKeyUp={[Function]}
          onMouseDown={[Function]}
          onMouseLeave={[Function]}
          onMouseUp={[Function]}
          onTouchEnd={[Function]}
          onTouchMove={[Function]}
          onTouchStart={[Function]}
          tabIndex={0}
          type="button"
        >
          <span
            className="MuiIconButton-label"
          >
            <svg
              aria-hidden={true}
              className="MuiSvgIcon-root"
              data-testid="closeIcon"
              focusable="false"
              viewBox="0 0 24 24"
            >
              <path
                d="M19 6.41L17.59 5 12 10.59 6.41 5 5 6.41 10.59 12 5 17.59 6.41 19 12 13.41 17.59 19 19 17.59 13.41 12z"
              />
            </svg>
          </span>
        </button>
      </div>
      <h3
        className="MuiTypography-root makeStyles-contentTitle-8 MuiTypography-body1"
        data-testid="sideBarTitle"
      >
        
      </h3>
      <hr
        className="MuiDivider-root"
      />
      
    </div>
  </div>
</div>
`;
