// Jest Snapshot v1, https://goo.gl/fbAQLP

exports[`EmissionsBreakdownContainer renders donut chart with dropdown 1`] = `
<div
  className="MuiPaper-root MuiCard-root makeStyles-root-1 MuiPaper-elevation1 MuiPaper-rounded"
  id="emissionsBreakdownContainer"
>
  <div
    className="MuiBox-root MuiBox-root-4"
  >
    <div
      className="MuiPaper-root makeStyles-topContainer-2 MuiPaper-elevation1 MuiPaper-rounded"
    >
      <p
        className="makeStyles-title-3"
      >
        Emissions Breakdown
      </p>
      <div
        className="MuiFormControl-root"
      >
        <div
          className="MuiInputBase-root MuiInputBase-formControl"
          onClick={[Function]}
        >
          <div
            aria-haspopup="listbox"
            aria-labelledby="breakdown-selector"
            className="MuiSelect-root MuiSelect-select MuiSelect-selectMenu MuiSelect-outlined MuiInputBase-input WithStyles(ForwardRef(InputBase))-input-5"
            id="breakdown-selector"
            onBlur={[Function]}
            onFocus={[Function]}
            onKeyDown={[Function]}
            onMouseDown={[Function]}
            role="button"
            tabIndex={0}
          >
            Region
          </div>
          <input
            aria-hidden={true}
            className="MuiSelect-nativeInput"
            onAnimationStart={[Function]}
            onChange={[Function]}
            required={false}
            tabIndex={-1}
            value="region"
          />
          <svg
            aria-hidden={true}
            className="MuiSvgIcon-root MuiSelect-icon MuiSelect-iconOutlined"
            focusable="false"
            viewBox="0 0 24 24"
          >
            <path
              d="M7 10l5 5 5-5z"
            />
          </svg>
        </div>
      </div>
    </div>
    <div
      style={
        Object {
          "alignContent": "center",
          "display": "flex",
          "flexDirection": "column",
          "justifyContent": "center",
          "minHeight": "500px",
        }
      }
    >
      <div
        className="MuiPaper-root MuiCard-root makeStyles-root-6 MuiPaper-elevation1 MuiPaper-rounded"
      >
        <div
          className="MuiBox-root MuiBox-root-9"
          data-testid="no-data-page"
        >
          <div
            className="MuiGrid-root MuiGrid-container"
          >
            <div
              className="MuiGrid-root MuiGrid-item MuiGrid-grid-xs-12"
            >
              <img
                src="V1Empty-state-generic-icon.svg"
              />
              <div
                className="makeStyles-addSpacing-8"
              >
                There's no data to display!
              </div>
              <div>
                Expand your search parameters to get started.
              </div>
            </div>
          </div>
        </div>
      </div>
      <div
        className="makeStyles-paginationContainer-10"
      >
        <span
          style={
            Object {
              "color": "#ababab",
              "fontWeight": 700,
              "marginRight": "8px",
            }
          }
        >
          1 - 1
           of 
          1
        </span>
        <button
          aria-label="first page"
          className="MuiButtonBase-root MuiIconButton-root MuiIconButton-colorPrimary Mui-disabled Mui-disabled"
          disabled={true}
          onBlur={[Function]}
          onClick={[Function]}
          onDragLeave={[Function]}
          onFocus={[Function]}
          onKeyDown={[Function]}
          onKeyUp={[Function]}
          onMouseDown={[Function]}
          onMouseLeave={[Function]}
          onMouseUp={[Function]}
          onTouchEnd={[Function]}
          onTouchMove={[Function]}
          onTouchStart={[Function]}
          tabIndex={-1}
          type="button"
        >
          <span
            className="MuiIconButton-label"
          >
            <svg
              aria-hidden={true}
              className="MuiSvgIcon-root"
              focusable="false"
              viewBox="0 0 24 24"
            >
              <path
                d="M18.41 16.59L13.82 12l4.59-4.59L17 6l-6 6 6 6zM6 6h2v12H6z"
              />
            </svg>
          </span>
        </button>
        <button
          aria-label="chevron-left"
          className="MuiButtonBase-root MuiIconButton-root MuiIconButton-colorPrimary Mui-disabled Mui-disabled"
          disabled={true}
          onBlur={[Function]}
          onClick={[Function]}
          onDragLeave={[Function]}
          onFocus={[Function]}
          onKeyDown={[Function]}
          onKeyUp={[Function]}
          onMouseDown={[Function]}
          onMouseLeave={[Function]}
          onMouseUp={[Function]}
          onTouchEnd={[Function]}
          onTouchMove={[Function]}
          onTouchStart={[Function]}
          tabIndex={-1}
          type="button"
        >
          <span
            className="MuiIconButton-label"
          >
            <svg
              aria-hidden={true}
              className="MuiSvgIcon-root"
              focusable="false"
              viewBox="0 0 24 24"
            >
              <path
                d="M15.41 7.41L14 6l-6 6 6 6 1.41-1.41L10.83 12z"
              />
            </svg>
          </span>
        </button>
        <button
          aria-label="chevron-right"
          className="MuiButtonBase-root MuiIconButton-root MuiIconButton-colorPrimary Mui-disabled Mui-disabled"
          disabled={true}
          onBlur={[Function]}
          onClick={[Function]}
          onDragLeave={[Function]}
          onFocus={[Function]}
          onKeyDown={[Function]}
          onKeyUp={[Function]}
          onMouseDown={[Function]}
          onMouseLeave={[Function]}
          onMouseUp={[Function]}
          onTouchEnd={[Function]}
          onTouchMove={[Function]}
          onTouchStart={[Function]}
          tabIndex={-1}
          type="button"
        >
          <span
            className="MuiIconButton-label"
          >
            <svg
              aria-hidden={true}
              className="MuiSvgIcon-root"
              focusable="false"
              viewBox="0 0 24 24"
            >
              <path
                d="M10 6L8.59 7.41 13.17 12l-4.58 4.59L10 18l6-6z"
              />
            </svg>
          </span>
        </button>
        <button
          aria-label="last page"
          className="MuiButtonBase-root MuiIconButton-root MuiIconButton-colorPrimary Mui-disabled Mui-disabled"
          disabled={true}
          onBlur={[Function]}
          onClick={[Function]}
          onDragLeave={[Function]}
          onFocus={[Function]}
          onKeyDown={[Function]}
          onKeyUp={[Function]}
          onMouseDown={[Function]}
          onMouseLeave={[Function]}
          onMouseUp={[Function]}
          onTouchEnd={[Function]}
          onTouchMove={[Function]}
          onTouchStart={[Function]}
          tabIndex={-1}
          type="button"
        >
          <span
            className="MuiIconButton-label"
          >
            <svg
              aria-hidden={true}
              className="MuiSvgIcon-root"
              focusable="false"
              viewBox="0 0 24 24"
            >
              <path
                d="M5.59 7.41L10.18 12l-4.59 4.59L7 18l6-6-6-6zM16 6h2v12h-2z"
              />
            </svg>
          </span>
        </button>
      </div>
    </div>
  </div>
</div>
`;
