// Jest Snapshot v1, https://goo.gl/fbAQLP

exports[`createLookupTable creates lookup table CSV creates AWS lookup table CSV file, with default output file path 1`] = `
"serviceName,region,usageType,vCpus,machineType,kilowattHours,co2e
AmazonEC2,us-east-1,USE1-EBSOptimized:m4.xlarge,4,,0.01895949533305589,0.000007186956936406165
AmazonEC2,ap-south-1,APS3-EUW3-AWS-Out-Bytes,,,0.001135,8.038069999999999e-7
AmazonS3,ap-southeast-2,APS2-TimedStorage-ByteHrs,,,4.025878297397867e-15,3.0596675060223788e-18
AmazonRDS,eu-west-2,EUW2-RDS:GP2-Storage,,,0.00099436896,2.2373301600000001e-7
AmazonRDS,us-east-1,Aurora:StorageIOUsage,,,0,0
"
`;

exports[`createLookupTable creates lookup table CSV creates AWS lookup table CSV file, with provided output file name 1`] = `
"serviceName,region,usageType,vCpus,machineType,kilowattHours,co2e
AmazonEC2,us-east-1,USE1-EBSOptimized:m4.xlarge,4,,0.01895949533305589,0.000007186956936406165
AmazonEC2,ap-south-1,APS3-EUW3-AWS-Out-Bytes,,,0.001135,8.038069999999999e-7
AmazonS3,ap-southeast-2,APS2-TimedStorage-ByteHrs,,,4.025878297397867e-15,3.0596675060223788e-18
AmazonRDS,eu-west-2,EUW2-RDS:GP2-Storage,,,0.00099436896,2.2373301600000001e-7
AmazonRDS,us-east-1,Aurora:StorageIOUsage,,,0,0
"
`;

exports[`createLookupTable creates lookup table CSV creates Azure lookup table CSV file, with default output file path 1`] = `
"serviceName,region,usageType,vCpus,machineType,kilowattHours,co2e
Virtual Machines,uksouth,D2 v2/DS2 v2,,,0.011945378995278953,0.000004196172273564499
Virtual Machines,westeurope,D4as v4 Spot,,,0.011360154945601171,0.000003990594791924814
Azure App Service,CentralUS,F1,,,0.011230847309593953,0.000003945171610526542
Container Instances,SouthCentralUS,vCPU Duration,,,0.0025359,8.908108543678499e-7
Azure Database for MySQL,Unknown,2 vCore,,,0.015215399999999999,0.000005344865126207099
VPN Gateway,Unknown,VpnGw1,,,0.015215399999999999,0.000005344865126207099
"
`;

exports[`createLookupTable creates lookup table CSV creates Azure lookup table CSV file, with provided output file name 1`] = `
"serviceName,region,usageType,vCpus,machineType,kilowattHours,co2e
Virtual Machines,uksouth,D2 v2/DS2 v2,,,0.011945378995278953,0.000004196172273564499
Virtual Machines,westeurope,D4as v4 Spot,,,0.011360154945601171,0.000003990594791924814
Azure App Service,CentralUS,F1,,,0.011230847309593953,0.000003945171610526542
Container Instances,SouthCentralUS,vCPU Duration,,,0.0025359,8.908108543678499e-7
Azure Database for MySQL,Unknown,2 vCore,,,0.015215399999999999,0.000005344865126207099
VPN Gateway,Unknown,VpnGw1,,,0.015215399999999999,0.000005344865126207099
"
`;

exports[`createLookupTable creates lookup table CSV creates GCP lookup table CSV file, with default output file path 1`] = `
"serviceName,region,usageType,vCpus,machineType,kilowattHours,co2e
Compute Engine,us-east4,N1 Predefined Instance Core running in Virginia,,n1-standard-4,0.014011885805096226,0.0000043296727137747334
Compute Engine,europe-west1,Storage PD Capacity,,,6.443769962061198e-16,7.088146958267318e-20
Compute Engine,europe-west1,Network Internet Egress from EMEA to Americas,,,3.654509782791138e-9,4.019960761070252e-13
Compute Engine,us-central1,SSD backed PD Capacity,,,1.2114469427615405e-15,5.524198058992625e-19
App Engine,us-east4,Backend Instances,,,0.0123984,0.0000038311056
Compute Engine,us-east4,Network Inter Region Ingress from Netherlands to Americas,,,3.6545097827911376e-9,1.1292435228824614e-12
"
`;

exports[`createLookupTable creates lookup table CSV creates GCP lookup table CSV file, with provided output file name 1`] = `
"serviceName,region,usageType,vCpus,machineType,kilowattHours,co2e
Compute Engine,us-east4,N1 Predefined Instance Core running in Virginia,,n1-standard-4,0.014011885805096226,0.0000043296727137747334
Compute Engine,europe-west1,Storage PD Capacity,,,6.443769962061198e-16,7.088146958267318e-20
Compute Engine,europe-west1,Network Internet Egress from EMEA to Americas,,,3.654509782791138e-9,4.019960761070252e-13
Compute Engine,us-central1,SSD backed PD Capacity,,,1.2114469427615405e-15,5.524198058992625e-19
App Engine,us-east4,Backend Instances,,,0.0123984,0.0000038311056
Compute Engine,us-east4,Network Inter Region Ingress from Netherlands to Americas,,,3.6545097827911376e-9,1.1292435228824614e-12
"
`;
