// Jest Snapshot v1, https://goo.gl/fbAQLP

exports[`ApexDonutChart renders with correct configuration 1`] = `
<div
  data-testid="fake-donut-chart"
  height="500px"
  options={
    Object {
      "chart": Object {
        "background": "#fff",
      },
      "colors": Array [
        "#000000",
        "#FFFFFF",
      ],
      "dataLabels": Object {
        "dropShadow": Object {
          "blur": 3,
          "color": "#424242",
          "enabled": true,
          "left": 0,
          "opacity": 0.5,
          "top": 0,
        },
        "style": Object {
          "fontSize": "1rem",
        },
      },
      "height": "500px",
      "labels": Array [
        "ebs",
        "s3",
        "ec2",
      ],
      "legend": Object {
        "offsetY": -8,
        "position": "top",
      },
      "series": Array [
        5,
        0,
        2,
      ],
      "stroke": Object {
        "colors": Array [
          "#fafafa",
        ],
      },
      "theme": Object {
        "mode": "light",
      },
      "title": Object {
        "offsetY": -8,
        "style": Object {
          "fontSize": "24px",
        },
        "text": "Carbon Emissions by Service",
      },
      "tooltip": Object {
        "fillSeriesColor": false,
        "y": Object {
          "formatter": [Function],
        },
      },
    }
  }
  series={
    Array [
      5,
      0,
      2,
    ]
  }
  type="donut"
>
  fake chart
</div>
`;
