// Jest Snapshot v1, https://goo.gl/fbAQLP

exports[`DonutChartTabs renders donut chart with two tabs 1`] = `
<div
  className="MuiPaper-root MuiCard-root MuiPaper-elevation1 MuiPaper-rounded"
  style={
    Object {
      "height": "100%",
      "width": "100%",
    }
  }
>
  <div
    className="MuiBox-root MuiBox-root-3"
  >
    <div
      className="MuiPaper-root MuiPaper-elevation1 MuiPaper-rounded"
    >
      <div
        className="MuiTabs-root"
      >
        <div
          className="MuiTabs-scroller MuiTabs-fixed"
          onScroll={[Function]}
          style={
            Object {
              "marginBottom": null,
              "overflow": "hidden",
            }
          }
        >
          <div
            className="MuiTabs-flexContainer MuiTabs-centered"
            onKeyDown={[Function]}
            role="tablist"
          >
            <button
              aria-selected={true}
              className="MuiButtonBase-root MuiTab-root MuiTab-textColorPrimary Mui-selected"
              disabled={false}
              id="Region"
              onBlur={[Function]}
              onClick={[Function]}
              onDragLeave={[Function]}
              onFocus={[Function]}
              onKeyDown={[Function]}
              onKeyUp={[Function]}
              onMouseDown={[Function]}
              onMouseLeave={[Function]}
              onMouseUp={[Function]}
              onTouchEnd={[Function]}
              onTouchMove={[Function]}
              onTouchStart={[Function]}
              role="tab"
              tabIndex={0}
              type="button"
            >
              <span
                className="MuiTab-wrapper"
              >
                Emissions By Region
              </span>
              <span
                className="PrivateTabIndicator-root-4 PrivateTabIndicator-colorPrimary-5 MuiTabs-indicator"
                style={Object {}}
              />
            </button>
            <button
              aria-selected={false}
              className="MuiButtonBase-root MuiTab-root MuiTab-textColorPrimary"
              disabled={false}
              id="Service"
              onBlur={[Function]}
              onClick={[Function]}
              onDragLeave={[Function]}
              onFocus={[Function]}
              onKeyDown={[Function]}
              onKeyUp={[Function]}
              onMouseDown={[Function]}
              onMouseLeave={[Function]}
              onMouseUp={[Function]}
              onTouchEnd={[Function]}
              onTouchMove={[Function]}
              onTouchStart={[Function]}
              role="tab"
              tabIndex={-1}
              type="button"
            >
              <span
                className="MuiTab-wrapper"
              >
                Emissions By Service
              </span>
            </button>
          </div>
        </div>
      </div>
    </div>
    <div
      data-testid="fake-donut-chart"
      height="500px"
      options={
        Object {
          "chart": Object {
            "background": "#fff",
          },
          "colors": Array [
            "#000000",
            "#FFFFFF",
          ],
          "dataLabels": Object {
            "dropShadow": Object {
              "blur": 3,
              "color": "#424242",
              "enabled": true,
              "left": 0,
              "opacity": 0.5,
              "top": 0,
            },
            "style": Object {
              "fontSize": "1rem",
            },
          },
          "height": "500px",
          "labels": Array [
            "us-east-1",
          ],
          "legend": Object {
            "offsetY": -8,
            "position": "bottom",
          },
          "series": Array [
            31.3712694,
          ],
          "stroke": Object {
            "colors": Array [
              "#fafafa",
            ],
          },
          "theme": Object {
            "mode": "light",
          },
          "title": Object {
            "offsetY": -8,
            "style": Object {
              "fontSize": "24px",
            },
          },
          "tooltip": Object {
            "fillSeriesColor": false,
            "y": Object {
              "formatter": [Function],
            },
          },
        }
      }
      series={
        Array [
          31.3712694,
        ]
      }
      type="donut"
    >
      fake chart
    </div>
  </div>
</div>
`;
