// Jest Snapshot v1, https://goo.gl/fbAQLP

exports[`DonutChartTabs renders donut chart with dropdown 1`] = `
<div
  className="MuiPaper-root MuiCard-root makeStyles-root-1 MuiPaper-elevation1 MuiPaper-rounded"
>
  <div
    className="MuiBox-root MuiBox-root-4"
  >
    <div
      className="MuiPaper-root makeStyles-topContainer-2 MuiPaper-elevation1 MuiPaper-rounded"
    >
      <p
        className="makeStyles-title-3"
      >
        Emissions by:
      </p>
      <div
        className="MuiFormControl-root"
      >
        <div
          className="MuiInputBase-root MuiInputBase-formControl"
          onClick={[Function]}
        >
          <div
            aria-haspopup="listbox"
            className="MuiSelect-root MuiSelect-select MuiSelect-selectMenu MuiSelect-outlined MuiInputBase-input WithStyles(ForwardRef(InputBase))-input-5"
            onBlur={[Function]}
            onFocus={[Function]}
            onKeyDown={[Function]}
            onMouseDown={[Function]}
            role="button"
            tabIndex={0}
          >
            Region
          </div>
          <input
            aria-hidden={true}
            className="MuiSelect-nativeInput"
            onAnimationStart={[Function]}
            onChange={[Function]}
            required={false}
            tabIndex={-1}
            value={0}
          />
          <svg
            aria-hidden={true}
            className="MuiSvgIcon-root MuiSelect-icon MuiSelect-iconOutlined"
            focusable="false"
            viewBox="0 0 24 24"
          >
            <path
              d="M7 10l5 5 5-5z"
            />
          </svg>
        </div>
      </div>
    </div>
    <div
      data-testid="region"
    >
      <div
        data-testid="fake-donut-chart"
        height="500px"
        options={
          Object {
            "chart": Object {
              "background": "#fff",
            },
            "colors": Array [
              "#000000",
              "#FFFFFF",
            ],
            "dataLabels": Object {
              "dropShadow": Object {
                "blur": 3,
                "color": "#424242",
                "enabled": true,
                "left": 0,
                "opacity": 0.5,
                "top": 0,
              },
              "style": Object {
                "fontSize": "1rem",
              },
            },
            "height": "500px",
            "labels": Array [
              "us-east-1",
            ],
            "legend": Object {
              "offsetY": -8,
              "position": "bottom",
            },
            "series": Array [
              31.3712694,
            ],
            "stroke": Object {
              "colors": Array [
                "#fafafa",
              ],
            },
            "theme": Object {
              "mode": "light",
            },
            "title": Object {
              "offsetY": -8,
              "style": Object {
                "fontSize": "24px",
              },
            },
            "tooltip": Object {
              "fillSeriesColor": false,
              "y": Object {
                "formatter": [Function],
              },
            },
          }
        }
        series={
          Array [
            31.3712694,
          ]
        }
        type="donut"
      >
        fake chart
      </div>
    </div>
  </div>
</div>
`;
