// Jest Snapshot v1, https://goo.gl/fbAQLP

exports[`cli ebs, s3, ec3, elasticache, rds ebs, s3, ec2, elasticache, rds grouped by service 1`] = `
"| Service      | kilowatt hours    | metric tons CO2e Emissions| Cost              
| EBS          | 6.08              | 0.002602               | $9.23             
| S3           | 0.08              | 0.000036               | $12.00            
| EC2          | 39.48             | 0.016895               | $74.00            
| ElastiCache  | 24.06             | 0.010295               | $12.00            
| RDS          | 464.46            | 0.198774               | $18.47            
| ComputeEngine| 5.78              | 0.002892               | $0.00             
| Total        | 539.94            | 0.231494               | $125.70           "
`;

exports[`cli ebs, s3, ec3, elasticache, rds ebs, s3, ec2, elasticache, rds, grouped by day 1`] = `
"| Date         | kilowatt hours    | metric tons CO2e Emissions
| 2020-07-01   | 60.56             | 0.026335               
| 2020-07-02   | 479.37            | 0.205159               
| Total        | 539.94            | 0.231494               "
`;

exports[`cli ebs, s3, ec3, elasticache, rds ebs, s3, ec2, elasticache, rds, grouped by day and service 1`] = `
"| Date (UTC)   | EBS kilowatt hours| EBS metric tons CO2e Emissions| S3 kilowatt hours | S3 metric tons CO2e Emissions| EC2 kilowatt hours| EC2 metric tons CO2e Emissions| ElastiCache kilowatt hours| ElastiCache metric tons CO2e Emissions| RDS kilowatt hours| RDS metric tons CO2e Emissions| ComputeEngine kilowatt hours| ComputeEngine metric tons CO2e Emissions| SUM kilowatt hours| SUM metric tons CO2e Emissions
| 2020-07-01   | 2.03              | 0.000867               | 0.08              | 0.000036               | 39.48             | 0.016895               | 5.12              | 0.002193               | 8.07              | 0.003452               | 5.78              | 0.002892               | 60.56             | 0.026335               
| 2020-07-02   | 4.05              | 0.001735               | 0.00              | 0.000000               | 0.00              | 0.000000               | 18.93             | 0.008102               | 456.39            | 0.195322               | 0.00              | 0.000000               | 479.37            | 0.205159               
| Total        | 6.08              | 0.002602               | 0.08              | 0.000036               | 39.48             | 0.016895               | 24.06             | 0.010295               | 464.46            | 0.198774               | 5.78              | 0.002892               | 539.94            | 0.231494               "
`;

exports[`cli lambda lambda cost 1`] = `
"| Service      | kilowatt hours    | metric tons CO2e Emissions| Cost              
| EBS          | 6.08              | 0.002602               | $9.23             
| S3           | 0.08              | 0.000036               | $12.00            
| EC2          | 39.48             | 0.016895               | $74.00            
| ElastiCache  | 24.06             | 0.010295               | $12.00            
| RDS          | 464.46            | 0.198774               | $18.47            
| ComputeEngine| 5.78              | 0.002892               | $0.00             
| Total        | 539.94            | 0.231494               | $125.70           "
`;

exports[`cli lambda lambda estimates 1`] = `
"| Date (UTC)   | EBS kilowatt hours| EBS metric tons CO2e Emissions| S3 kilowatt hours | S3 metric tons CO2e Emissions| EC2 kilowatt hours| EC2 metric tons CO2e Emissions| ElastiCache kilowatt hours| ElastiCache metric tons CO2e Emissions| RDS kilowatt hours| RDS metric tons CO2e Emissions| ComputeEngine kilowatt hours| ComputeEngine metric tons CO2e Emissions| SUM kilowatt hours| SUM metric tons CO2e Emissions
| 2020-07-01   | 2.03              | 0.000867               | 0.08              | 0.000036               | 39.48             | 0.016895               | 5.12              | 0.002193               | 8.07              | 0.003452               | 5.78              | 0.002892               | 60.56             | 0.026335               
| 2020-07-02   | 4.05              | 0.001735               | 0.00              | 0.000000               | 0.00              | 0.000000               | 18.93             | 0.008102               | 456.39            | 0.195322               | 0.00              | 0.000000               | 479.37            | 0.205159               
| Total        | 6.08              | 0.002602               | 0.08              | 0.000036               | 39.48             | 0.016895               | 24.06             | 0.010295               | 464.46            | 0.198774               | 5.78              | 0.002892               | 539.94            | 0.231494               "
`;
