// Jest Snapshot v1, https://goo.gl/fbAQLP

exports[`LineChartDialog renders line chart dialog 1`] = `
<div
  data-testid="line-chart-dialog"
>
  <svg
    aria-hidden={true}
    className="MuiSvgIcon-root"
    data-testid="info-icon"
    focusable="false"
    onClick={[Function]}
    viewBox="0 0 24 24"
  >
    <path
      d="M12 2C6.48 2 2 6.48 2 12s4.48 10 10 10 10-4.48 10-10S17.52 2 12 2zm1 15h-2v-6h2v6zm0-8h-2V7h2v2z"
    />
  </svg>
</div>
`;
