// Jest Snapshot v1, https://goo.gl/fbAQLP

exports[`ApexLineChart renders with correct configuration 1`] = `
<div
  aria-label="apex-line-chart"
/>
`;
