// Jest Snapshot v1, https://goo.gl/fbAQLP

exports[`Custom Tooltip renders data in tooltip 1`] = `
<div
  style={
    Object {
      "padding": "10px",
    }
  }
>
  <div>
    <b>
      Dec 02, 2020
    </b>
  </div>
  <div>
    20
     metric tons CO2e
    *
  </div>
  <div>
    200
     kilowatt hrs
  </div>
  <div>
    $
    10
     cost
  </div>
</div>
`;
