// Jest Snapshot v1, https://goo.gl/fbAQLP

exports[`ApexDonutChart renders with correct configuration 1`] = `<div />`;
